// Jest Snapshot v1, https://goo.gl/fbAQLP

exports[`Test Button component [Render] match snapshot 1`] = `
<div
  className="button-root"
  data-testid="button"
>
  <button
    onClick={[Function]}
  >
    <div>
      button text
    </div>
  </button>
</div>
`;
